// Jest Snapshot v1, https://goo.gl/fbAQLP

exports[`renders Header default correctly 1`] = `
<div
  className="component"
  role="banner"
>
  <div
    className="menu"
  >
    <button
      className="button"
      onClick={[Function]}
    >
      <span
        className="SVGInline SVGInline--cleaned"
        dangerouslySetInnerHTML={
          Object {
            "__html": "test-file-stub",
          }
        }
      />
    </button>
  </div>
  <a
    href="/"
    onClick={[Function]}
  >
    <div
      className="link"
    >
      <div
        className="baseline"
      >
        <div>
          Webcompat
        </div>
        <div>
          Metrics
        </div>
      </div>
      <div
        className="logo"
      >
        <span
          className="SVGInline SVGInline--cleaned"
          dangerouslySetInnerHTML={
            Object {
              "__html": "test-file-stub",
            }
          }
        />
      </div>
    </div>
  </a>
</div>
`;
