// Jest Snapshot v1, https://goo.gl/fbAQLP

exports[`renders PinningHeader default correctly 1`] = `
<div
  className="component"
>
  <span>
    content
  </span>
</div>
`;
