// Jest Snapshot v1, https://goo.gl/fbAQLP

exports[`renders Svg default correctly 1`] = `
<span
  className="SVGInline SVGInline--cleaned"
  dangerouslySetInnerHTML={
    Object {
      "__html": "test-file-stub",
    }
  }
/>
`;
