// Jest Snapshot v1, https://goo.gl/fbAQLP

exports[`renders Component default correctly 1`] = `
<div
  className="component"
>
  <div
    className="component"
  >
    <div
      className="component"
      role="banner"
    >
      <div
        className="menu"
      >
        <button
          className="button"
          onClick={[Function]}
        >
          <span
            className="SVGInline SVGInline--cleaned"
            dangerouslySetInnerHTML={
              Object {
                "__html": "test-file-stub",
              }
            }
          />
        </button>
      </div>
      <a
        href="/"
        onClick={[Function]}
      >
        <div
          className="link"
        >
          <div
            className="baseline"
          >
            <div>
              Webcompat
            </div>
            <div>
              Metrics
            </div>
          </div>
          <div
            className="logo"
          >
            <span
              className="SVGInline SVGInline--cleaned"
              dangerouslySetInnerHTML={
                Object {
                  "__html": "test-file-stub",
                }
              }
            />
          </div>
        </div>
      </a>
    </div>
  </div>
  <div
    className="component isOpen"
  >
    <div
      className="container"
    >
      <nav
        className="links"
        role="navigation"
      >
        <a
          href="/needsdiagnosis"
          onClick={[Function]}
        >
          <div
            className="component"
          >
            <div
              className="icon"
            >
              <span
                className="SVGInline SVGInline--cleaned"
                dangerouslySetInnerHTML={
                  Object {
                    "__html": "test-file-stub",
                  }
                }
              />
            </div>
            <div
              className="text"
            >
              NeedsDiagnosis
            </div>
          </div>
        </a>
      </nav>
      <footer
        className="footer"
      >
        <div
          className="socials"
        >
          <a
            className="social"
            href="https://twitter.com/webcompat"
            rel="noopener noreferrer"
            target="_blank"
            title="Twitter webcompat accounts"
          >
            <span
              className="SVGInline SVGInline--cleaned"
              dangerouslySetInnerHTML={
                Object {
                  "__html": "test-file-stub",
                }
              }
            />
          </a>
          <a
            className="social"
            href="https://github.com/webcompat"
            rel="noopener noreferrer"
            target="_blank"
            title="Github webcompat account"
          >
            <span
              className="SVGInline SVGInline--cleaned"
              dangerouslySetInnerHTML={
                Object {
                  "__html": "test-file-stub",
                }
              }
            />
          </a>
        </div>
        <div
          className="footerText"
        >
          <span>
            Created and maintained by Webcompat
          </span>
        </div>
      </footer>
    </div>
  </div>
  <main
    className="component"
    role="main"
  />
</div>
`;

exports[`renders Component matchMedia return false 1`] = `
<div
  className="component"
>
  <div
    className="component"
  >
    <div
      className="component"
      role="banner"
    >
      <div
        className="menu"
      >
        <button
          className="button"
          onClick={[Function]}
        >
          <span
            className="SVGInline SVGInline--cleaned"
            dangerouslySetInnerHTML={
              Object {
                "__html": "test-file-stub",
              }
            }
          />
        </button>
      </div>
      <a
        href="/"
        onClick={[Function]}
      >
        <div
          className="link"
        >
          <div
            className="baseline"
          >
            <div>
              Webcompat
            </div>
            <div>
              Metrics
            </div>
          </div>
          <div
            className="logo"
          >
            <span
              className="SVGInline SVGInline--cleaned"
              dangerouslySetInnerHTML={
                Object {
                  "__html": "test-file-stub",
                }
              }
            />
          </div>
        </div>
      </a>
    </div>
  </div>
  <div
    className="component "
  >
    <div
      className="container"
    >
      <nav
        className="links"
        role="navigation"
      >
        <a
          href="/needsdiagnosis"
          onClick={[Function]}
        >
          <div
            className="component"
          >
            <div
              className="icon"
            >
              <span
                className="SVGInline SVGInline--cleaned"
                dangerouslySetInnerHTML={
                  Object {
                    "__html": "test-file-stub",
                  }
                }
              />
            </div>
            <div
              className="text"
            >
              NeedsDiagnosis
            </div>
          </div>
        </a>
      </nav>
      <footer
        className="footer"
      >
        <div
          className="socials"
        >
          <a
            className="social"
            href="https://twitter.com/webcompat"
            rel="noopener noreferrer"
            target="_blank"
            title="Twitter webcompat accounts"
          >
            <span
              className="SVGInline SVGInline--cleaned"
              dangerouslySetInnerHTML={
                Object {
                  "__html": "test-file-stub",
                }
              }
            />
          </a>
          <a
            className="social"
            href="https://github.com/webcompat"
            rel="noopener noreferrer"
            target="_blank"
            title="Github webcompat account"
          >
            <span
              className="SVGInline SVGInline--cleaned"
              dangerouslySetInnerHTML={
                Object {
                  "__html": "test-file-stub",
                }
              }
            />
          </a>
        </div>
        <div
          className="footerText"
        >
          <span>
            Created and maintained by Webcompat
          </span>
        </div>
      </footer>
    </div>
  </div>
  <main
    className="component"
    role="main"
  />
</div>
`;
